- Check backward performance
- setting: N=200, L=(0, 1), L1=(0, 1), L2=(0, 1), in=64, out=64
----------------------------------------------------------------------------------------------------
1
conv 1: 0.5370350554585457 ms
2
conv 2: 0.5203131586313248 ms
4
conv 4: 1.2404252775013447 ms
5
conv 5: 0.7296344265341759 ms
6
conv 6: 1.94081524387002 ms
----------------------------------------------------------------------------------------------------
- Check backward performance
- setting: N=200, L=(0, 2), L1=(0, 2), L2=(0, 2), in=64, out=64
----------------------------------------------------------------------------------------------------
1
conv 1: 0.5291001871228218 ms
2
conv 2: 0.5405629053711891 ms
4
conv 4: 1.2980257160961628 ms
5
conv 5: 0.8463859558105469 ms
6
conv 6: 4.112110007554293 ms
----------------------------------------------------------------------------------------------------
- Check backward performance
- setting: N=200, L=(0, 1), L1=(0, 1), L2=(0, 2), in=64, out=64
----------------------------------------------------------------------------------------------------
1
conv 1: 0.5520209670066833 ms
2
conv 2: 0.5293521098792553 ms
4
conv 4: 1.2891152873635292 ms
5
conv 5: 0.86161307990551 ms
6
conv 6: 2.189262770116329 ms
----------------------------------------------------------------------------------------------------
- Check backward performance
- setting: N=200, L=(0, 2), L1=(0, 2), L2=(0, 4), in=64, out=64
----------------------------------------------------------------------------------------------------
1
conv 1: 0.5958122201263905 ms
2
conv 2: 0.5656201392412186 ms
4
conv 4: 1.3952963054180145 ms
5
conv 5: 0.9072697721421719 ms
6
conv 6: 5.262511782348156 ms
----------------------------------------------------------------------------------------------------
- Check backward performance
- setting: N=200, L=(0, 1), L1=(0, 1), in=64, out=64
----------------------------------------------------------------------------------------------------
1
2
4
- Check backward performance
- setting: N=200, L=(0, 1), L1=(0, 1), in=64, out=64
----------------------------------------------------------------------------------------------------
1
conv 1: 0.5018198862671852 ms
2
conv 2: 0.8070101030170918 ms
4
conv 4: 1.19387311860919 ms
5
conv 5: 0.6913268007338047 ms
6
conv 6: 2.0199380815029144 ms
7
conv 7: 0.9918068535625935 ms
----------------------------------------------------------------------------------------------------
- Check backward performance
- setting: N=200, L=(0, 2), L1=(0, 2), in=64, out=64
----------------------------------------------------------------------------------------------------
1
conv 1: 0.6763739511370659 ms
2
conv 2: 0.5230763927102089 ms
4
conv 4: 1.0721758008003235 ms
5
conv 5: 0.6792638450860977 ms
6
conv 6: 4.106549080461264 ms
7
conv 7: 0.617089681327343 ms
----------------------------------------------------------------------------------------------------
- Check backward performance
- setting: N=200, L=(0, 3), L1=(0, 3), in=64, out=64
----------------------------------------------------------------------------------------------------
1
conv 1: 0.7079057395458221 ms
2
conv 2: 0.5189999938011169 ms
4
conv 4: 1.245694700628519 ms
5
conv 5: 0.7390491664409637 ms
6
conv 6: 9.351062122732401 ms
7
conv 7: 0.5027540028095245 ms
----------------------------------------------------------------------------------------------------
- Check backward performance
- setting: N=200, L=(0, 4), L1=(0, 4), in=64, out=64
----------------------------------------------------------------------------------------------------
1
conv 1: 0.42706215754151344 ms
2
- Check backward performance
- setting: N=200, L=(0, 1), L1=(0, 1), in=64, out=64
----------------------------------------------------------------------------------------------------
1
- Check backward performance
- setting: N=200, L=(0, 1), L1=(0, 1), in=64, out=64
----------------------------------------------------------------------------------------------------
1
conv 1: 0.5248120000374001 ms
2
conv 2: 0.6412869999508075 ms
4
conv 4: 1.7878410000093936 ms
5
conv 5: 0.8810770000309276 ms
6
conv 6: 2.469061999988753 ms
7
conv 7: 0.9496339999941483 ms
----------------------------------------------------------------------------------------------------
- Check backward performance
- setting: N=200, L=(0, 2), L1=(0, 2), in=64, out=64
----------------------------------------------------------------------------------------------------
1
conv 1: 1.0338759999513059 ms
2
conv 2: 0.9360839999885684 ms
4
conv 4: 1.6026990000455044 ms
5
conv 5: 1.0813589999543183 ms
6
conv 6: 5.357081000056496 ms
7
conv 7: 0.5710699999781355 ms
----------------------------------------------------------------------------------------------------
- Check backward performance
- setting: N=200, L=(0, 3), L1=(0, 3), in=64, out=64
----------------------------------------------------------------------------------------------------
1
conv 1: 0.6834460000391118 ms
2
conv 2: 0.7314410000844873 ms
4
conv 4: 1.353633999997328 ms
5
conv 5: 1.0605170000417274 ms
6
conv 6: 10.024993000001814 ms
7
conv 7: 1.1747070000183157 ms
----------------------------------------------------------------------------------------------------
- Check backward performance
- setting: N=200, L=(0, 4), L1=(0, 4), in=64, out=64
----------------------------------------------------------------------------------------------------
1
conv 1: 0.5852890000141997 ms
2
