- Check backward performance
- setting: N=200, L=(0, 1), L1=(0, 1), in=64, out=64
----------------------------------------------------------------------------------------------------
1
2
4
